\BOOKMARK [-1][-]{part.1}{\376\377\000I\000\040\000P\000r\000e\000s\000e\000n\000t\000a\000c\000i\000\363\000n}{}% 1
\BOOKMARK [0][-]{chapter.1}{\376\377\000I\000n\000t\000r\000o\000d\000u\000c\000c\000i\000\363\000n}{part.1}% 2
\BOOKMARK [1][-]{section.1.1}{\376\377\000P\000r\000e\000s\000e\000n\000t\000a\000c\000i\000\363\000n}{chapter.1}% 3
\BOOKMARK [2][-]{subsection.1.1.1}{\376\377\000C\000o\000m\000p\000i\000l\000a\000c\000i\000\363\000n}{section.1.1}% 4
\BOOKMARK [2][-]{subsection.1.1.2}{\376\377\000I\000n\000t\000e\000r\000p\000r\000e\000t\000a\000c\000i\000\363\000n}{section.1.1}% 5
\BOOKMARK [2][-]{subsection.1.1.3}{\376\377\000F\000a\000s\000e\000s\000\040\000d\000e\000\040\000t\000r\000a\000d\000u\000c\000c\000i\000\363\000n}{section.1.1}% 6
\BOOKMARK [1][-]{section.1.2}{\376\377\000D\000e\000f\000i\000n\000i\000c\000i\000\363\000n\000\040\000d\000e\000l\000\040\000p\000r\000o\000b\000l\000e\000m\000a\000\040\000r\000e\000a\000l}{chapter.1}% 7
\BOOKMARK [1][-]{section.1.3}{\376\377\000D\000e\000f\000i\000n\000i\000c\000i\000\363\000n\000\040\000d\000e\000l\000\040\000p\000r\000o\000b\000l\000e\000m\000a\000\040\000t\000\351\000c\000n\000i\000c\000o}{chapter.1}% 8
\BOOKMARK [2][-]{subsection.1.3.1}{\376\377\000F\000u\000n\000c\000i\000o\000n\000a\000m\000i\000e\000n\000t\000o}{section.1.3}% 9
\BOOKMARK [2][-]{subsection.1.3.2}{\376\377\000E\000n\000t\000o\000r\000n\000o}{section.1.3}% 10
\BOOKMARK [3][-]{subsubsection.1.3.2.1}{\376\377\000I\000n\000t\000e\000r\000f\000a\000z\000\040\000c\000o\000n\000\040\000e\000l\000\040\000u\000s\000u\000a\000r\000i\000o}{subsection.1.3.2}% 11
\BOOKMARK [3][-]{subsubsection.1.3.2.2}{\376\377\000E\000n\000t\000o\000r\000n\000o\000\040\000d\000e\000\040\000d\000e\000s\000a\000r\000r\000o\000l\000l\000o}{subsection.1.3.2}% 12
\BOOKMARK [3][-]{subsubsection.1.3.2.3}{\376\377\000E\000n\000t\000o\000r\000n\000o\000\040\000d\000e\000\040\000e\000j\000e\000c\000u\000c\000i\000\363\000n}{subsection.1.3.2}% 13
\BOOKMARK [2][-]{subsection.1.3.3}{\376\377\000C\000i\000c\000l\000o\000\040\000d\000e\000\040\000m\000a\000n\000t\000e\000n\000i\000m\000i\000e\000n\000t\000o}{section.1.3}% 14
\BOOKMARK [2][-]{subsection.1.3.4}{\376\377\000C\000o\000m\000p\000e\000t\000e\000n\000c\000i\000a}{section.1.3}% 15
\BOOKMARK [2][-]{subsection.1.3.5}{\376\377\000A\000s\000p\000e\000c\000t\000o\000\040\000e\000x\000t\000e\000r\000n\000o}{section.1.3}% 16
\BOOKMARK [2][-]{subsection.1.3.6}{\376\377\000E\000s\000t\000a\000n\000d\000a\000r\000i\000z\000a\000c\000i\000\363\000n}{section.1.3}% 17
\BOOKMARK [2][-]{subsection.1.3.7}{\376\377\000C\000a\000l\000i\000d\000a\000d\000\040\000y\000\040\000f\000i\000a\000b\000i\000l\000i\000d\000a\000d}{section.1.3}% 18
\BOOKMARK [2][-]{subsection.1.3.8}{\376\377\000V\000a\000l\000i\000d\000a\000c\000i\000\363\000n\000\040\000y\000\040\000v\000e\000r\000i\000f\000i\000c\000a\000c\000i\000\363\000n}{section.1.3}% 19
\BOOKMARK [2][-]{subsection.1.3.9}{\376\377\000P\000r\000o\000g\000r\000a\000m\000a\000\040\000d\000e\000\040\000t\000a\000r\000e\000a\000s}{section.1.3}% 20
\BOOKMARK [2][-]{subsection.1.3.10}{\376\377\000P\000r\000u\000e\000b\000a\000s}{section.1.3}% 21
\BOOKMARK [3][-]{subsubsection.1.3.10.1}{\376\377\000T\000i\000p\000o\000s\000\040\000d\000e\000\040\000P\000r\000u\000e\000b\000a\000s}{subsection.1.3.10}% 22
\BOOKMARK [3][-]{subsubsection.1.3.10.2}{\376\377\000D\000e\000s\000c\000r\000i\000p\000c\000i\000\363\000n\000\040\000d\000e\000\040\000l\000a\000s\000\040\000P\000r\000u\000e\000b\000a\000s}{subsection.1.3.10}% 23
\BOOKMARK [2][-]{subsection.1.3.11}{\376\377\000S\000e\000g\000u\000r\000i\000d\000a\000d}{section.1.3}% 24
\BOOKMARK [0][-]{chapter.2}{\376\377\000O\000b\000j\000e\000t\000i\000v\000o\000s}{part.1}% 25
\BOOKMARK [1][-]{section.2.1}{\376\377\000O\000b\000j\000e\000t\000i\000v\000o\000\040\000p\000r\000i\000n\000c\000i\000p\000a\000l}{chapter.2}% 26
\BOOKMARK [1][-]{section.2.2}{\376\377\000O\000b\000j\000e\000t\000i\000v\000o\000s\000\040\000e\000s\000p\000e\000c\000\355\000f\000i\000c\000o\000s}{chapter.2}% 27
\BOOKMARK [1][-]{section.2.3}{\376\377\000O\000b\000j\000e\000t\000i\000v\000o\000s\000\040\000p\000e\000r\000s\000o\000n\000a\000l\000e\000s}{chapter.2}% 28
\BOOKMARK [0][-]{chapter.3}{\376\377\000A\000n\000t\000e\000c\000e\000d\000e\000n\000t\000e\000s}{part.1}% 29
\BOOKMARK [1][-]{section.3.1}{\376\377\000I\000n\000t\000r\000o\000d\000u\000c\000c\000i\000\363\000n}{chapter.3}% 30
\BOOKMARK [1][-]{section.3.2}{\376\377\000F\000u\000n\000d\000a\000m\000e\000n\000t\000o\000s\000\040\000t\000e\000\363\000r\000i\000c\000o\000s\000\040\000d\000e\000l\000\040\000a\000n\000\341\000l\000i\000s\000i\000s\000\040\000s\000i\000n\000t\000\341\000c\000t\000i\000c\000o}{chapter.3}% 31
\BOOKMARK [2][-]{subsection.3.2.1}{\376\377\000T\000i\000p\000o\000s\000\040\000d\000e\000\040\000a\000n\000a\000l\000i\000z\000a\000d\000o\000r\000e\000s\000\040\000s\000i\000n\000t\000\341\000c\000t\000i\000c\000o\000s}{section.3.2}% 32
\BOOKMARK [2][-]{subsection.3.2.2}{\376\377\000G\000r\000a\000m\000\341\000t\000i\000c\000a\000s\000\040\000d\000e\000\040\000c\000o\000n\000t\000e\000x\000t\000o\000\040\000l\000i\000b\000r\000e}{section.3.2}% 33
\BOOKMARK [2][-]{subsection.3.2.3}{\376\377\000D\000e\000r\000i\000v\000a\000c\000i\000\363\000n\000\040\000c\000o\000n\000\040\000u\000n\000a\000\040\000g\000r\000a\000m\000\341\000t\000i\000c\000a\000\040\000d\000e\000\040\000c\000o\000n\000t\000e\000x\000t\000o\000\040\000l\000i\000b\000r\000e}{section.3.2}% 34
\BOOKMARK [2][-]{subsection.3.2.4}{\376\377\000\301\000r\000b\000o\000l\000\040\000d\000e\000\040\000d\000e\000r\000i\000v\000a\000c\000i\000\363\000n\000\040\000o\000\040\000\341\000r\000b\000o\000l\000\040\000s\000i\000n\000t\000\341\000c\000t\000i\000c\000o}{section.3.2}% 35
\BOOKMARK [2][-]{subsection.3.2.5}{\376\377\000A\000n\000a\000l\000i\000z\000a\000d\000o\000r\000e\000s\000\040\000s\000i\000n\000t\000\341\000c\000t\000i\000c\000o\000s\000\040\000d\000e\000s\000c\000e\000n\000d\000e\000n\000t\000e\000s}{section.3.2}% 36
\BOOKMARK [2][-]{subsection.3.2.6}{\376\377\000A\000n\000a\000l\000i\000z\000a\000d\000o\000r\000e\000s\000\040\000s\000i\000n\000t\000\341\000c\000t\000i\000c\000o\000s\000\040\000a\000s\000c\000e\000n\000d\000e\000n\000t\000e\000s}{section.3.2}% 37
\BOOKMARK [1][-]{section.3.3}{\376\377\000S\000i\000m\000A\000S\000\040\0001\000.\0000}{chapter.3}% 38
\BOOKMARK [1][-]{section.3.4}{\376\377\000S\000i\000m\000A\000S\000\040\0002\000.\0000}{chapter.3}% 39
\BOOKMARK [2][-]{subsection.3.4.1}{\376\377\000F\000a\000l\000l\000o\000s\000\040\000g\000e\000n\000e\000r\000a\000l\000e\000s\000\040\000i\000d\000e\000n\000t\000i\000f\000i\000c\000a\000d\000o\000s\000\040\000e\000n\000\040\000S\000i\000m\000A\000S\000\040\0002\000.\0000}{section.3.4}% 40
\BOOKMARK [2][-]{subsection.3.4.2}{\376\377\000F\000a\000l\000l\000o\000s\000\040\000e\000n\000c\000o\000n\000t\000r\000a\000d\000o\000s\000\040\000e\000n\000\040\000W\000i\000n\000d\000o\000w\000s}{section.3.4}% 41
\BOOKMARK [2][-]{subsection.3.4.3}{\376\377\000F\000a\000l\000l\000o\000s\000\040\000e\000n\000c\000o\000n\000t\000r\000a\000d\000o\000s\000\040\000e\000n\000\040\000U\000b\000u\000n\000t\000u}{section.3.4}% 42
\BOOKMARK [2][-]{subsection.3.4.4}{\376\377\000F\000a\000l\000l\000o\000s\000\040\000e\000n\000c\000o\000n\000t\000r\000a\000d\000o\000s\000\040\000e\000n\000\040\000M\000a\000c\000O\000S}{section.3.4}% 43
\BOOKMARK [1][-]{section.3.5}{\376\377\000J\000u\000s\000t\000i\000f\000i\000c\000a\000c\000i\000\363\000n\000\040\000d\000e\000l\000\040\000t\000r\000a\000b\000a\000j\000o}{chapter.3}% 44
\BOOKMARK [2][-]{subsection.3.5.1}{\376\377\000C\000o\000m\000p\000a\000r\000a\000t\000i\000v\000a\000\040\000e\000n\000t\000r\000e\000\040\000v\000e\000r\000s\000i\000o\000n\000e\000s}{section.3.5}% 45
\BOOKMARK [0][-]{chapter.4}{\376\377\000R\000e\000s\000t\000r\000i\000c\000c\000i\000o\000n\000e\000s}{part.1}% 46
\BOOKMARK [1][-]{section.4.1}{\376\377\000I\000n\000t\000r\000o\000d\000u\000c\000c\000i\000\363\000n}{chapter.4}% 47
\BOOKMARK [1][-]{section.4.2}{\376\377\000F\000a\000c\000t\000o\000r\000e\000s\000\040\000i\000n\000i\000c\000i\000a\000l\000e\000s}{chapter.4}% 48
\BOOKMARK [2][-]{subsection.4.2.1}{\376\377\000L\000\355\000m\000i\000t\000e\000s\000\040\000t\000e\000m\000p\000o\000r\000a\000l\000e\000s}{section.4.2}% 49
\BOOKMARK [2][-]{subsection.4.2.2}{\376\377\000E\000n\000t\000o\000r\000n\000o\000\040\000d\000e\000\040\000s\000o\000f\000t\000w\000a\000r\000e}{section.4.2}% 50
\BOOKMARK [1][-]{section.4.3}{\376\377\000F\000a\000c\000t\000o\000r\000e\000s\000\040\000e\000s\000t\000r\000a\000t\000\351\000g\000i\000c\000o\000s}{chapter.4}% 51
\BOOKMARK [2][-]{subsection.4.3.1}{\376\377\000M\000e\000t\000o\000d\000o\000l\000o\000g\000\355\000a}{section.4.3}% 52
\BOOKMARK [2][-]{subsection.4.3.2}{\376\377\000L\000e\000n\000g\000u\000a\000j\000e\000\040\000d\000e\000\040\000p\000r\000o\000g\000r\000a\000m\000a\000c\000i\000\363\000n}{section.4.3}% 53
\BOOKMARK [2][-]{subsection.4.3.3}{\376\377\000E\000n\000t\000o\000r\000n\000o\000\040\000d\000e\000\040\000d\000e\000s\000a\000r\000r\000o\000l\000l\000o}{section.4.3}% 54
\BOOKMARK [2][-]{subsection.4.3.4}{\376\377\000I\000n\000t\000e\000r\000f\000a\000z\000\040\000g\000r\000\341\000f\000i\000c\000a\000\040\000d\000e\000\040\000l\000a\000\040\000a\000p\000l\000i\000c\000a\000c\000i\000\363\000n}{section.4.3}% 55
\BOOKMARK [2][-]{subsection.4.3.5}{\376\377\000S\000i\000s\000t\000e\000m\000a\000\040\000O\000p\000e\000r\000a\000t\000i\000v\000o}{section.4.3}% 56
\BOOKMARK [2][-]{subsection.4.3.6}{\376\377\000R\000e\000p\000r\000e\000s\000e\000n\000t\000a\000c\000i\000\363\000n\000\040\000d\000e\000\040\000l\000a\000s\000\040\000g\000r\000a\000m\000\341\000t\000i\000c\000a\000s\000\040\000d\000e\000\040\000c\000o\000n\000t\000e\000x\000t\000o\000\040\000l\000i\000b\000r\000e}{section.4.3}% 57
\BOOKMARK [2][-]{subsection.4.3.7}{\376\377\000G\000e\000n\000e\000r\000a\000c\000i\000\363\000n\000\040\000d\000e\000\040\000i\000n\000f\000o\000r\000m\000e\000s\000\040\000d\000e\000\040\000g\000r\000a\000m\000\341\000t\000i\000c\000a\000s\000\040\000y\000\040\000d\000e\000\040\000s\000i\000m\000u\000l\000a\000c\000i\000\363\000n}{section.4.3}% 58
\BOOKMARK [2][-]{subsection.4.3.8}{\376\377\000I\000m\000p\000l\000e\000m\000e\000n\000t\000a\000c\000i\000\363\000n\000\040\000d\000e\000\040\000l\000a\000\040\000a\000y\000u\000d\000a}{section.4.3}% 59
\BOOKMARK [2][-]{subsection.4.3.9}{\376\377\000I\000m\000p\000l\000e\000m\000e\000n\000t\000a\000c\000i\000\363\000n\000\040\000d\000e\000l\000\040\000t\000u\000t\000o\000r\000i\000a\000l}{section.4.3}% 60
\BOOKMARK [2][-]{subsection.4.3.10}{\376\377\000R\000e\000p\000r\000e\000s\000e\000n\000t\000a\000c\000i\000\363\000n\000\040\000d\000e\000\040\000l\000o\000s\000\040\000\341\000r\000b\000o\000l\000e\000s\000\040\000s\000i\000n\000t\000\341\000c\000t\000i\000c\000o\000s}{section.4.3}% 61
\BOOKMARK [0][-]{chapter.5}{\376\377\000R\000e\000c\000u\000r\000s\000o\000s}{part.1}% 62
\BOOKMARK [1][-]{section.5.1}{\376\377\000R\000e\000c\000u\000r\000s\000o\000s\000\040\000h\000u\000m\000a\000n\000o\000s}{chapter.5}% 63
\BOOKMARK [1][-]{section.5.2}{\376\377\000R\000e\000c\000u\000r\000s\000o\000s\000\040\000d\000e\000\040\000h\000a\000r\000d\000w\000a\000r\000e}{chapter.5}% 64
\BOOKMARK [1][-]{section.5.3}{\376\377\000R\000e\000c\000u\000r\000s\000o\000s\000\040\000d\000e\000\040\000s\000o\000f\000t\000w\000a\000r\000e}{chapter.5}% 65
\BOOKMARK [2][-]{subsection.5.3.1}{\376\377\000S\000i\000s\000t\000e\000m\000a\000\040\000O\000p\000e\000r\000a\000t\000i\000v\000o\000s}{section.5.3}% 66
\BOOKMARK [2][-]{subsection.5.3.2}{\376\377\000E\000n\000t\000o\000r\000n\000o\000\040\000d\000e\000\040\000d\000e\000s\000a\000r\000r\000o\000l\000l\000o\000\040\000y\000\040\000l\000e\000n\000g\000u\000a\000j\000e\000\040\000d\000e\000\040\000p\000r\000o\000g\000r\000a\000m\000a\000c\000i\000\363\000n}{section.5.3}% 67
\BOOKMARK [2][-]{subsection.5.3.3}{\376\377\000H\000e\000r\000r\000a\000m\000i\000e\000n\000t\000a\000s\000\040\000d\000e\000\040\000d\000o\000c\000u\000m\000e\000n\000t\000a\000c\000i\000\363\000n}{section.5.3}% 68
\BOOKMARK [2][-]{subsection.5.3.4}{\376\377\000H\000e\000r\000r\000a\000m\000i\000e\000n\000t\000a\000s\000\040\000p\000a\000r\000a\000\040\000l\000a\000\040\000e\000d\000i\000c\000i\000\363\000n\000\040\000d\000e\000\040\000d\000i\000a\000g\000r\000a\000m\000a\000s}{section.5.3}% 69
\BOOKMARK [-1][-]{part.2}{\376\377\000I\000I\000\040\000A\000n\000\341\000l\000i\000s\000i\000s}{}% 70
\BOOKMARK [0][-]{chapter.6}{\376\377\000E\000s\000p\000e\000c\000i\000f\000i\000c\000a\000c\000i\000\363\000n\000\040\000d\000e\000\040\000r\000e\000q\000u\000i\000s\000i\000t\000o\000s}{part.2}% 71
\BOOKMARK [1][-]{section.6.1}{\376\377\000I\000n\000t\000r\000o\000d\000u\000c\000c\000i\000\363\000n}{chapter.6}% 72
\BOOKMARK [1][-]{section.6.2}{\376\377\000A\000c\000t\000o\000r\000e\000s}{chapter.6}% 73
\BOOKMARK [1][-]{section.6.3}{\376\377\000D\000e\000s\000c\000r\000i\000p\000c\000i\000\363\000n\000\040\000m\000o\000d\000u\000l\000a\000r\000\040\000d\000e\000l\000\040\000s\000i\000s\000t\000e\000m\000a}{chapter.6}% 74
\BOOKMARK [2][-]{subsection.6.3.1}{\376\377\000M\000\363\000d\000u\000l\000o\000\040\000d\000e\000l\000\040\000E\000d\000i\000t\000o\000r\000\040\000d\000e\000\040\000G\000r\000a\000m\000\341\000t\000i\000c\000a\000s}{section.6.3}% 75
\BOOKMARK [2][-]{subsection.6.3.2}{\376\377\000M\000\363\000d\000u\000l\000o\000\040\000d\000e\000l\000\040\000S\000i\000m\000u\000l\000a\000d\000o\000r\000\040\000G\000r\000\341\000f\000i\000c\000o\000\040\000D\000e\000s\000c\000e\000n\000d\000e\000n\000t\000e\000\040\000P\000r\000e\000d\000i\000c\000t\000i\000v\000o}{section.6.3}% 76
\BOOKMARK [3][-]{subsubsection.6.3.2.1}{\376\377\000C\000r\000e\000a\000c\000i\000\363\000n\000\040\000y\000\040\000c\000a\000r\000g\000a\000\040\000d\000e\000\040\000g\000r\000a\000m\000\341\000t\000i\000c\000a\000s}{subsection.6.3.2}% 77
\BOOKMARK [3][-]{subsubsection.6.3.2.2}{\376\377\000G\000e\000n\000e\000r\000a\000c\000i\000\363\000n\000\040\000d\000e\000\040\000c\000o\000n\000j\000u\000n\000t\000o\000s\000\040\000P\000r\000i\000m\000e\000r\000o\000\040\000y\000\040\000S\000i\000g\000u\000i\000e\000n\000t\000e}{subsection.6.3.2}% 78
\BOOKMARK [3][-]{subsubsection.6.3.2.3}{\376\377\000C\000o\000n\000s\000t\000r\000u\000c\000c\000i\000\363\000n\000\040\000d\000e\000\040\000l\000a\000\040\000t\000a\000b\000l\000a\000\040\000p\000r\000e\000d\000i\000c\000t\000i\000v\000a}{subsection.6.3.2}% 79
\BOOKMARK [3][-]{subsubsection.6.3.2.4}{\376\377\000I\000m\000p\000l\000e\000m\000e\000n\000t\000a\000c\000i\000\363\000n\000\040\000d\000e\000\040\000f\000u\000n\000c\000i\000o\000n\000e\000s\000\040\000d\000e\000\040\000r\000e\000c\000u\000p\000e\000r\000a\000c\000i\000\363\000n\000\040\000d\000e\000\040\000e\000r\000r\000o\000r\000e\000s}{subsection.6.3.2}% 80
\BOOKMARK [3][-]{subsubsection.6.3.2.5}{\376\377\000S\000i\000m\000u\000l\000a\000c\000i\000\363\000n\000\040\000d\000e\000l\000\040\000a\000n\000\341\000l\000i\000s\000i\000s\000\040\000s\000i\000n\000t\000\341\000c\000t\000i\000c\000o\000\040\000d\000e\000s\000c\000e\000n\000d\000e\000n\000t\000e\000\040\000p\000r\000e\000d\000i\000c\000t\000i\000v\000o}{subsection.6.3.2}% 81
\BOOKMARK [3][-]{subsubsection.6.3.2.6}{\376\377\000G\000e\000n\000e\000r\000a\000c\000i\000\363\000n\000\040\000d\000e\000l\000\040\000\341\000r\000b\000o\000l\000\040\000s\000i\000n\000t\000\341\000c\000t\000i\000c\000o\000\040\000d\000e\000s\000c\000e\000n\000d\000e\000n\000t\000e}{subsection.6.3.2}% 82
\BOOKMARK [3][-]{subsubsection.6.3.2.7}{\376\377\000C\000r\000e\000a\000c\000i\000\363\000n\000\040\000d\000e\000\040\000i\000n\000f\000o\000r\000m\000e\000s}{subsection.6.3.2}% 83
\BOOKMARK [2][-]{subsection.6.3.3}{\376\377\000M\000\363\000d\000u\000l\000o\000\040\000d\000e\000l\000\040\000T\000u\000t\000o\000r\000i\000a\000l}{section.6.3}% 84
\BOOKMARK [3][-]{subsubsection.6.3.3.1}{\376\377\000E\000s\000t\000r\000u\000c\000t\000u\000r\000a\000\040\000d\000e\000l\000\040\000t\000u\000t\000o\000r\000i\000a\000l}{subsection.6.3.3}% 85
\BOOKMARK [2][-]{subsection.6.3.4}{\376\377\000M\000\363\000d\000u\000l\000o\000\040\000d\000e\000\040\000A\000y\000u\000d\000a}{section.6.3}% 86
\BOOKMARK [3][-]{subsubsection.6.3.4.1}{\376\377\000C\000o\000n\000t\000e\000n\000i\000d\000o\000s\000\040\000d\000e\000\040\000l\000a\000\040\000a\000y\000u\000d\000a}{subsection.6.3.4}% 87
\BOOKMARK [1][-]{section.6.4}{\376\377\000R\000e\000q\000u\000i\000s\000i\000t\000o\000s\000\040\000f\000u\000n\000c\000i\000o\000n\000a\000l\000e\000s}{chapter.6}% 88
\BOOKMARK [2][-]{subsection.6.4.1}{\376\377\000R\000e\000q\000u\000i\000s\000i\000t\000o\000s\000\040\000f\000u\000n\000c\000i\000o\000n\000a\000l\000e\000s\000\040\000d\000e\000l\000\040\000E\000d\000i\000t\000o\000r\000\040\000d\000e\000\040\000g\000r\000a\000m\000\341\000t\000i\000c\000a\000s}{section.6.4}% 89
\BOOKMARK [2][-]{subsection.6.4.2}{\376\377\000R\000e\000q\000u\000i\000s\000i\000t\000o\000s\000\040\000f\000u\000n\000c\000i\000o\000n\000a\000l\000e\000s\000\040\000d\000e\000l\000\040\000S\000i\000m\000u\000l\000a\000d\000o\000r}{section.6.4}% 90
\BOOKMARK [2][-]{subsection.6.4.3}{\376\377\000R\000e\000q\000u\000i\000s\000i\000t\000o\000s\000\040\000f\000u\000n\000c\000i\000o\000n\000a\000l\000e\000s\000\040\000d\000e\000l\000\040\000T\000u\000t\000o\000r\000i\000a\000l}{section.6.4}% 91
\BOOKMARK [2][-]{subsection.6.4.4}{\376\377\000R\000e\000q\000u\000i\000s\000i\000t\000o\000s\000\040\000f\000u\000n\000c\000i\000o\000n\000a\000l\000e\000s\000\040\000d\000e\000\040\000l\000a\000\040\000A\000y\000u\000d\000a}{section.6.4}% 92
\BOOKMARK [1][-]{section.6.5}{\376\377\000R\000e\000q\000u\000i\000s\000i\000t\000o\000s\000\040\000n\000o\000\040\000f\000u\000n\000c\000i\000o\000n\000a\000l\000e\000s}{chapter.6}% 93
\BOOKMARK [1][-]{section.6.6}{\376\377\000R\000e\000q\000u\000i\000s\000i\000t\000o\000s\000\040\000d\000e\000\040\000l\000a\000\040\000i\000n\000f\000o\000r\000m\000a\000c\000i\000\363\000n}{chapter.6}% 94
\BOOKMARK [2][-]{subsection.6.6.1}{\376\377\000G\000r\000a\000m\000\341\000t\000i\000c\000a\000\040\000d\000e\000\040\000c\000o\000n\000t\000e\000x\000t\000o\000\040\000l\000i\000b\000r\000e}{section.6.6}% 95
\BOOKMARK [2][-]{subsection.6.6.2}{\376\377\000E\000d\000i\000t\000o\000r\000\040\000d\000e\000\040\000g\000r\000a\000m\000\341\000t\000i\000c\000a\000s}{section.6.6}% 96
\BOOKMARK [2][-]{subsection.6.6.3}{\376\377\000S\000i\000m\000u\000l\000a\000d\000o\000r}{section.6.6}% 97
\BOOKMARK [2][-]{subsection.6.6.4}{\376\377\000A\000y\000u\000d\000a\000\040\000d\000e\000\040\000l\000a\000\040\000a\000p\000l\000i\000c\000a\000c\000i\000\363\000n}{section.6.6}% 98
\BOOKMARK [2][-]{subsection.6.6.5}{\376\377\000T\000u\000t\000o\000r\000i\000a\000l\000\040\000d\000e\000\040\000l\000a\000\040\000a\000p\000l\000i\000c\000a\000c\000i\000\363\000n}{section.6.6}% 99
\BOOKMARK [2][-]{subsection.6.6.6}{\376\377\000I\000n\000f\000o\000r\000m\000e\000s}{section.6.6}% 100
\BOOKMARK [1][-]{section.6.7}{\376\377\000R\000e\000q\000u\000i\000s\000i\000t\000o\000s\000\040\000d\000e\000\040\000l\000a\000\040\000i\000n\000t\000e\000r\000f\000a\000z}{chapter.6}% 101
\BOOKMARK [0][-]{chapter.7}{\376\377\000A\000n\000\341\000l\000i\000s\000i\000s\000\040\000f\000u\000n\000c\000i\000o\000n\000a\000l}{part.2}% 102
\BOOKMARK [1][-]{section.7.1}{\376\377\000I\000n\000t\000r\000o\000d\000u\000c\000c\000i\000\363\000n}{chapter.7}% 103
\BOOKMARK [1][-]{section.7.2}{\376\377\000A\000c\000t\000o\000r\000e\000s\000\040\000d\000e\000l\000\040\000S\000i\000s\000t\000e\000m\000a}{chapter.7}% 104
\BOOKMARK [1][-]{section.7.3}{\376\377\000E\000s\000p\000e\000c\000i\000f\000i\000c\000a\000c\000i\000\363\000n\000\040\000d\000e\000\040\000c\000a\000s\000o\000s\000\040\000d\000e\000\040\000u\000s\000o}{chapter.7}% 105
\BOOKMARK [2][-]{subsection.7.3.1}{\376\377\000D\000i\000a\000g\000r\000a\000m\000a\000\040\000d\000e\000\040\000c\000o\000n\000t\000e\000x\000t\000o\000:\000\040\000C\000U\000-\0000\000.\000\040\000S\000i\000s\000t\000e\000m\000a}{section.7.3}% 106
\BOOKMARK [2][-]{subsection.7.3.2}{\376\377\000C\000U\000-\0001\000.\000\040\000E\000d\000i\000t\000a\000r\000\040\000G\000r\000a\000m\000\341\000t\000i\000c\000a\000s}{section.7.3}% 107
\BOOKMARK [3][-]{subsubsection.7.3.2.1}{\376\377\000C\000U\000-\0001\000.\0001\000.\000\040\000C\000r\000e\000a\000r\000\040\000g\000r\000a\000m\000\341\000t\000i\000c\000a}{subsection.7.3.2}% 108
\BOOKMARK [3][-]{subsubsection.7.3.2.2}{\376\377\000C\000U\000-\0001\000.\0002\000.\000\040\000E\000d\000i\000t\000a\000r\000\040\000v\000o\000c\000a\000b\000u\000l\000a\000r\000i\000o\000\040\000d\000e\000\040\000l\000a\000\040\000g\000r\000a\000m\000\341\000t\000i\000c\000a}{subsection.7.3.2}% 109
\BOOKMARK [3][-]{subsubsection.7.3.2.3}{\376\377\000C\000U\000-\0001\000.\0003\000.\000\040\000E\000d\000i\000t\000a\000r\000\040\000p\000r\000o\000d\000u\000c\000c\000i\000\363\000n}{subsection.7.3.2}% 110
\BOOKMARK [3][-]{subsubsection.7.3.2.4}{\376\377\000C\000U\000-\0001\000.\0004\000.\000\040\000S\000e\000l\000e\000c\000c\000i\000o\000n\000a\000r\000\040\000e\000l\000\040\000s\000\355\000m\000b\000o\000l\000o\000\040\000i\000n\000i\000c\000i\000a\000l}{subsection.7.3.2}% 111
\BOOKMARK [3][-]{subsubsection.7.3.2.5}{\376\377\000C\000U\000-\0001\000.\0005\000.\000\040\000C\000e\000r\000r\000a\000r\000\040\000g\000r\000a\000m\000\341\000t\000i\000c\000a}{subsection.7.3.2}% 112
\BOOKMARK [3][-]{subsubsection.7.3.2.6}{\376\377\000C\000U\000-\0001\000.\0006\000.\000\040\000R\000e\000c\000u\000p\000e\000r\000a\000r\000\040\000g\000r\000a\000m\000\341\000t\000i\000c\000a}{subsection.7.3.2}% 113
\BOOKMARK [3][-]{subsubsection.7.3.2.7}{\376\377\000C\000U\000-\0001\000.\0007\000.\000\040\000G\000u\000a\000r\000d\000a\000r\000\040\000g\000r\000a\000m\000\341\000t\000i\000c\000a}{subsection.7.3.2}% 114
\BOOKMARK [3][-]{subsubsection.7.3.2.8}{\376\377\000C\000U\000-\0001\000.\0008\000.\000\040\000V\000a\000l\000i\000d\000a\000r\000\040\000g\000r\000a\000m\000\341\000t\000i\000c\000a}{subsection.7.3.2}% 115
\BOOKMARK [3][-]{subsubsection.7.3.2.9}{\376\377\000C\000U\000-\0001\000.\0009\000.\000\040\000G\000e\000n\000e\000r\000a\000r\000\040\000i\000n\000f\000o\000r\000m\000e\000\040\000d\000e\000\040\000g\000r\000a\000m\000\341\000t\000i\000c\000a}{subsection.7.3.2}% 116
\BOOKMARK [3][-]{subsubsection.7.3.2.10}{\376\377\000C\000U\000-\0001\000.\0001\0000\000.\000\040\000T\000r\000a\000n\000s\000f\000e\000r\000i\000r\000\040\000a\000l\000\040\000s\000i\000m\000u\000l\000a\000d\000o\000r}{subsection.7.3.2}% 117
\BOOKMARK [3][-]{subsubsection.7.3.2.11}{\376\377\000C\000U\000-\0001\000.\0001\0001\000.\000\040\000O\000b\000t\000e\000n\000e\000r\000\040\000g\000r\000a\000m\000\341\000t\000i\000c\000a}{subsection.7.3.2}% 118
\BOOKMARK [3][-]{subsubsection.7.3.2.12}{\376\377\000C\000U\000-\0001\000.\0001\0002\000.\000\040\000A\000c\000t\000u\000a\000l\000i\000z\000a\000r\000\040\000v\000i\000s\000u\000a\000l\000i\000z\000a\000c\000i\000\363\000n}{subsection.7.3.2}% 119
\BOOKMARK [3][-]{subsubsection.7.3.2.13}{\376\377\000C\000U\000-\0001\000.\0001\0003\000.\000\040\000C\000o\000m\000p\000r\000o\000b\000a\000r\000\040\000p\000r\000o\000d\000u\000c\000c\000i\000\363\000n}{subsection.7.3.2}% 120
\BOOKMARK [2][-]{subsection.7.3.3}{\376\377\000C\000U\000-\0002\000.\000\040\000S\000i\000m\000u\000l\000a\000r\000\040\000a\000n\000\341\000l\000i\000s\000i\000s\000\040\000s\000i\000n\000t\000\341\000c\000t\000i\000c\000o\000\040\000d\000e\000s\000c\000e\000n\000d\000e\000n\000t\000e\000\040\000p\000r\000e\000d\000i\000c\000t\000i\000v\000o}{section.7.3}% 121
\BOOKMARK [3][-]{subsubsection.7.3.3.1}{\376\377\000C\000U\000-\0002\000.\0001\000.\000\040\000S\000i\000m\000u\000l\000a\000r\000\040\000A\000n\000\341\000l\000i\000s\000i\000s\000\040\000D\000e\000s\000c\000e\000n\000d\000e\000n\000t\000e\000\040\000P\000r\000e\000d\000i\000c\000t\000i\000v\000o}{subsection.7.3.3}% 122
\BOOKMARK [3][-]{subsubsection.7.3.3.2}{\376\377\000C\000U\000-\0002\000.\0001\000.\0002\000.\000\040\000G\000e\000s\000t\000i\000o\000n\000a\000r\000\040\000c\000o\000n\000j\000u\000n\000t\000o\000\040\000P\000r\000i\000m\000e\000r\000o\000\040\000y\000\040\000S\000i\000g\000u\000i\000e\000n\000t\000e}{subsection.7.3.3}% 123
\BOOKMARK [3][-]{subsubsection.7.3.3.3}{\376\377\000C\000U\000-\0002\000.\0002\000.\000\040\000B\000u\000s\000c\000a\000r\000\040\000g\000r\000a\000m\000\341\000t\000i\000c\000a}{subsection.7.3.3}% 124
\BOOKMARK [3][-]{subsubsection.7.3.3.4}{\376\377\000C\000U\000-\0002\000.\0003\000.\000\040\000C\000o\000m\000p\000l\000e\000t\000a\000r\000\040\000t\000a\000b\000l\000a\000\040\000c\000o\000n\000\040\000f\000u\000n\000c\000i\000o\000n\000e\000s\000\040\000d\000e\000\040\000e\000r\000r\000o\000r}{subsection.7.3.3}% 125
\BOOKMARK [3][-]{subsubsection.7.3.3.5}{\376\377\000C\000U\000-\0002\000.\0004\000.\000\040\000A\000n\000a\000l\000i\000z\000a\000r\000\040\000c\000a\000d\000e\000n\000a}{subsection.7.3.3}% 126
\BOOKMARK [3][-]{subsubsection.7.3.3.6}{\376\377\000C\000U\000-\0002\000.\0005\000.\000\040\000S\000e\000l\000e\000c\000c\000i\000o\000n\000a\000\040\000v\000e\000l\000o\000c\000i\000d\000a\000d\000\040\000d\000e\000\040\000s\000i\000m\000u\000l\000a\000c\000i\000\363\000n}{subsection.7.3.3}% 127
\BOOKMARK [3][-]{subsubsection.7.3.3.7}{\376\377\000C\000U\000-\0002\000.\0006\000.\000\040\000G\000e\000n\000e\000r\000a\000r\000\040\000i\000n\000f\000o\000r\000m\000e\000\040\000d\000e\000\040\000s\000i\000m\000u\000l\000a\000c\000i\000\363\000n}{subsection.7.3.3}% 128
\BOOKMARK [3][-]{subsubsection.7.3.3.8}{\376\377\000C\000U\000-\0002\000.\0007\000.\000\040\000C\000o\000n\000s\000t\000r\000u\000i\000r\000\040\000\301\000r\000b\000o\000l\000\040\000S\000i\000n\000t\000\341\000c\000t\000i\000c\000o\000\040\000D\000e\000s\000c\000e\000n\000d\000e\000n\000t\000e}{subsection.7.3.3}% 129
\BOOKMARK [2][-]{subsection.7.3.4}{\376\377\000C\000U\000-\0003\000.\000\040\000C\000o\000n\000s\000u\000l\000t\000a\000r\000\040\000T\000u\000t\000o\000r\000i\000a\000l}{section.7.3}% 130
\BOOKMARK [2][-]{subsection.7.3.5}{\376\377\000C\000U\000-\0004\000.\000\040\000C\000o\000n\000s\000u\000l\000t\000a\000r\000\040\000A\000y\000u\000d\000a}{section.7.3}% 131
\BOOKMARK [1][-]{section.7.4}{\376\377\000V\000a\000l\000i\000d\000a\000c\000i\000\363\000n\000\040\000d\000e\000\040\000l\000o\000s\000\040\000c\000a\000s\000o\000s\000\040\000d\000e\000\040\000u\000s\000o\000\040}{chapter.7}% 132
\BOOKMARK [2][-]{subsection.7.4.1}{\376\377\000V\000a\000l\000i\000d\000a\000c\000i\000\363\000n\000\040\000d\000e\000l\000\040\000M\000\363\000d\000u\000l\000o\000\040\000d\000e\000\040\000E\000d\000i\000c\000i\000\363\000n\000\040\000d\000e\000\040\000G\000r\000a\000m\000\341\000t\000i\000c\000a}{section.7.4}% 133
\BOOKMARK [2][-]{subsection.7.4.2}{\376\377\000V\000a\000l\000i\000d\000a\000c\000i\000\363\000n\000\040\000d\000e\000l\000\040\000M\000\363\000d\000u\000l\000o\000\040\000d\000e\000\040\000S\000i\000m\000u\000l\000a\000c\000i\000\363\000n\000\040\000d\000e\000\040\000G\000r\000a\000m\000\341\000t\000i\000c\000a}{section.7.4}% 134
\BOOKMARK [2][-]{subsection.7.4.3}{\376\377\000V\000a\000l\000i\000d\000a\000c\000i\000\363\000n\000\040\000d\000e\000l\000\040\000M\000\363\000d\000u\000l\000o\000\040\000d\000e\000l\000\040\000T\000u\000t\000o\000r\000i\000a\000l}{section.7.4}% 135
\BOOKMARK [2][-]{subsection.7.4.4}{\376\377\000V\000a\000l\000i\000d\000a\000c\000i\000\363\000n\000\040\000d\000e\000l\000\040\000M\000\363\000d\000u\000l\000o\000\040\000d\000e\000\040\000l\000a\000\040\000A\000y\000u\000d\000a}{section.7.4}% 136
\BOOKMARK [-1][-]{part.3}{\376\377\000I\000I\000I\000\040\000D\000i\000s\000e\000\361\000o}{}% 137
\BOOKMARK [0][-]{chapter.8}{\376\377\000D\000i\000s\000e\000\361\000o\000\040\000d\000e\000\040\000p\000a\000q\000u\000e\000t\000e\000s}{part.3}% 138
\BOOKMARK [1][-]{section.8.1}{\376\377\000I\000n\000t\000r\000o\000d\000u\000c\000c\000i\000\363\000n}{chapter.8}% 139
\BOOKMARK [2][-]{subsection.8.1.1}{\376\377\000A\000r\000q\000u\000i\000t\000e\000c\000t\000u\000r\000a\000\040\000g\000e\000n\000e\000r\000a\000l\000\040\000d\000e\000l\000\040\000s\000i\000s\000t\000e\000m\000a}{section.8.1}% 140
\BOOKMARK [2][-]{subsection.8.1.2}{\376\377\000P\000r\000i\000n\000c\000i\000p\000i\000o\000s\000\040\000d\000e\000\040\000d\000i\000s\000e\000\361\000o\000\040\000a\000p\000l\000i\000c\000a\000d\000o\000s}{section.8.1}% 141
\BOOKMARK [2][-]{subsection.8.1.3}{\376\377\000M\000\351\000t\000r\000i\000c\000a\000s\000\040\000g\000e\000n\000e\000r\000a\000l\000e\000s\000\040\000d\000e\000l\000\040\000s\000i\000s\000t\000e\000m\000a}{section.8.1}% 142
\BOOKMARK [1][-]{section.8.2}{\376\377\000E\000s\000p\000e\000c\000i\000f\000i\000c\000a\000c\000i\000\363\000n\000\040\000d\000e\000t\000a\000l\000l\000a\000d\000a\000\040\000d\000e\000\040\000l\000o\000s\000\040\000p\000a\000q\000u\000e\000t\000e\000s}{chapter.8}% 143
\BOOKMARK [2][-]{subsection.8.2.1}{\376\377\000P\000a\000q\000u\000e\000t\000e\000\040\000b\000i\000e\000n\000v\000e\000n\000i\000d\000a}{section.8.2}% 144
\BOOKMARK [3][-]{subsubsection.8.2.1.1}{\376\377\000R\000e\000s\000p\000o\000n\000s\000a\000b\000i\000l\000i\000d\000a\000d\000e\000s\000\040\000p\000r\000i\000n\000c\000i\000p\000a\000l\000e\000s}{subsection.8.2.1}% 145
\BOOKMARK [3][-]{subsubsection.8.2.1.2}{\376\377\000C\000l\000a\000s\000e\000s\000\040\000d\000e\000l\000\040\000p\000a\000q\000u\000e\000t\000e}{subsection.8.2.1}% 146
\BOOKMARK [3][-]{subsubsection.8.2.1.3}{\376\377\000C\000a\000r\000a\000c\000t\000e\000r\000\355\000s\000t\000i\000c\000a\000s\000\040\000t\000\351\000c\000n\000i\000c\000a\000s}{subsection.8.2.1}% 147
\BOOKMARK [3][-]{subsubsection.8.2.1.4}{\376\377\000F\000l\000u\000j\000o\000\040\000d\000e\000\040\000e\000j\000e\000c\000u\000c\000i\000\363\000n}{subsection.8.2.1}% 148
\BOOKMARK [2][-]{subsection.8.2.2}{\376\377\000P\000a\000q\000u\000e\000t\000e\000\040\000e\000d\000i\000t\000o\000r}{section.8.2}% 149
\BOOKMARK [3][-]{subsubsection.8.2.2.1}{\376\377\000A\000r\000q\000u\000i\000t\000e\000c\000t\000u\000r\000a\000\040\000y\000\040\000d\000i\000s\000e\000\361\000o}{subsection.8.2.2}% 150
\BOOKMARK [3][-]{subsubsection.8.2.2.2}{\376\377\000P\000a\000t\000r\000o\000n\000e\000s\000\040\000d\000e\000\040\000d\000i\000s\000e\000\361\000o\000\040\000i\000m\000p\000l\000e\000m\000e\000n\000t\000a\000d\000o\000s}{subsection.8.2.2}% 151
\BOOKMARK [3][-]{subsubsection.8.2.2.3}{\376\377\000C\000l\000a\000s\000e\000s\000\040\000d\000e\000l\000\040\000p\000a\000q\000u\000e\000t\000e\000\040\000p\000o\000r\000\040\000f\000u\000n\000c\000i\000o\000n\000a\000l\000i\000d\000a\000d}{subsection.8.2.2}% 152
\BOOKMARK [3][-]{subsubsection.8.2.2.4}{\376\377\000C\000a\000r\000a\000c\000t\000e\000r\000\355\000s\000t\000i\000c\000a\000s\000\040\000t\000\351\000c\000n\000i\000c\000a\000s}{subsection.8.2.2}% 153
\BOOKMARK [3][-]{subsubsection.8.2.2.5}{\376\377\000D\000e\000p\000e\000n\000d\000e\000n\000c\000i\000a\000s\000\040\000y\000\040\000r\000e\000l\000a\000c\000i\000o\000n\000e\000s}{subsection.8.2.2}% 154
\BOOKMARK [3][-]{subsubsection.8.2.2.6}{\376\377\000F\000l\000u\000j\000o\000\040\000d\000e\000\040\000t\000r\000a\000b\000a\000j\000o\000\040\000d\000e\000l\000\040\000a\000s\000i\000s\000t\000e\000n\000t\000e}{subsection.8.2.2}% 155
\BOOKMARK [2][-]{subsection.8.2.3}{\376\377\000P\000a\000q\000u\000e\000t\000e\000\040\000s\000i\000m\000u\000l\000a\000d\000o\000r}{section.8.2}% 156
\BOOKMARK [3][-]{subsubsection.8.2.3.1}{\376\377\000A\000r\000q\000u\000i\000t\000e\000c\000t\000u\000r\000a\000\040\000y\000\040\000d\000i\000s\000e\000\361\000o}{subsection.8.2.3}% 157
\BOOKMARK [3][-]{subsubsection.8.2.3.2}{\376\377\000A\000l\000g\000o\000r\000i\000t\000m\000o\000\040\000i\000m\000p\000l\000e\000m\000e\000n\000t\000a\000d\000o}{subsection.8.2.3}% 158
\BOOKMARK [3][-]{subsubsection.8.2.3.3}{\376\377\000P\000a\000t\000r\000o\000n\000e\000s\000\040\000d\000e\000\040\000d\000i\000s\000e\000\361\000o\000\040\000i\000m\000p\000l\000e\000m\000e\000n\000t\000a\000d\000o\000s}{subsection.8.2.3}% 159
\BOOKMARK [3][-]{subsubsection.8.2.3.4}{\376\377\000C\000l\000a\000s\000e\000s\000\040\000d\000e\000l\000\040\000p\000a\000q\000u\000e\000t\000e\000\040\000p\000o\000r\000\040\000f\000u\000n\000c\000i\000o\000n\000a\000l\000i\000d\000a\000d}{subsection.8.2.3}% 160
\BOOKMARK [3][-]{subsubsection.8.2.3.5}{\376\377\000C\000a\000r\000a\000c\000t\000e\000r\000\355\000s\000t\000i\000c\000a\000s\000\040\000t\000\351\000c\000n\000i\000c\000a\000s\000\040\000a\000v\000a\000n\000z\000a\000d\000a\000s}{subsection.8.2.3}% 161
\BOOKMARK [3][-]{subsubsection.8.2.3.6}{\376\377\000D\000e\000p\000e\000n\000d\000e\000n\000c\000i\000a\000s\000\040\000c\000r\000\355\000t\000i\000c\000a\000s}{subsection.8.2.3}% 162
\BOOKMARK [3][-]{subsubsection.8.2.3.7}{\376\377\000F\000l\000u\000j\000o\000\040\000d\000e\000\040\000a\000n\000\341\000l\000i\000s\000i\000s\000\040\000s\000i\000n\000t\000\341\000c\000t\000i\000c\000o}{subsection.8.2.3}% 163
\BOOKMARK [2][-]{subsection.8.2.4}{\376\377\000P\000a\000q\000u\000e\000t\000e\000\040\000g\000r\000a\000m\000a\000t\000i\000c\000a}{section.8.2}% 164
\BOOKMARK [3][-]{subsubsection.8.2.4.1}{\376\377\000A\000r\000q\000u\000i\000t\000e\000c\000t\000u\000r\000a\000\040\000d\000e\000l\000\040\000m\000o\000d\000e\000l\000o\000\040\000d\000e\000\040\000d\000a\000t\000o\000s}{subsection.8.2.4}% 165
\BOOKMARK [3][-]{subsubsection.8.2.4.2}{\376\377\000P\000a\000t\000r\000o\000n\000e\000s\000\040\000d\000e\000\040\000d\000i\000s\000e\000\361\000o\000\040\000i\000m\000p\000l\000e\000m\000e\000n\000t\000a\000d\000o\000s}{subsection.8.2.4}% 166
\BOOKMARK [3][-]{subsubsection.8.2.4.3}{\376\377\000C\000l\000a\000s\000e\000s\000\040\000d\000e\000l\000\040\000p\000a\000q\000u\000e\000t\000e\000\040\000p\000o\000r\000\040\000f\000u\000n\000c\000i\000o\000n\000a\000l\000i\000d\000a\000d}{subsection.8.2.4}% 167
\BOOKMARK [3][-]{subsubsection.8.2.4.4}{\376\377\000A\000l\000g\000o\000r\000i\000t\000m\000o\000s\000\040\000i\000m\000p\000l\000e\000m\000e\000n\000t\000a\000d\000o\000s}{subsection.8.2.4}% 168
\BOOKMARK [3][-]{subsubsection.8.2.4.5}{\376\377\000C\000a\000r\000a\000c\000t\000e\000r\000\355\000s\000t\000i\000c\000a\000s\000\040\000t\000\351\000c\000n\000i\000c\000a\000s}{subsection.8.2.4}% 169
\BOOKMARK [3][-]{subsubsection.8.2.4.6}{\376\377\000R\000e\000l\000a\000c\000i\000o\000n\000e\000s\000\040\000c\000r\000\355\000t\000i\000c\000a\000s\000\040\000c\000o\000n\000\040\000e\000l\000\040\000s\000i\000s\000t\000e\000m\000a}{subsection.8.2.4}% 170
\BOOKMARK [3][-]{subsubsection.8.2.4.7}{\376\377\000F\000l\000u\000j\000o\000\040\000d\000e\000\040\000t\000r\000a\000n\000s\000f\000o\000r\000m\000a\000c\000i\000\363\000n\000\040\000g\000r\000a\000m\000a\000t\000i\000c\000a\000l}{subsection.8.2.4}% 171
\BOOKMARK [2][-]{subsection.8.2.5}{\376\377\000P\000a\000q\000u\000e\000t\000e\000\040\000c\000e\000n\000t\000r\000o\000a\000y\000u\000d\000a}{section.8.2}% 172
\BOOKMARK [3][-]{subsubsection.8.2.5.1}{\376\377\000A\000r\000q\000u\000i\000t\000e\000c\000t\000u\000r\000a\000\040\000d\000e\000l\000\040\000s\000i\000s\000t\000e\000m\000a\000\040\000d\000e\000\040\000a\000y\000u\000d\000a}{subsection.8.2.5}% 173
\BOOKMARK [3][-]{subsubsection.8.2.5.2}{\376\377\000C\000o\000n\000t\000e\000n\000i\000d\000o\000\040\000d\000e\000l\000\040\000s\000i\000s\000t\000e\000m\000a\000\040\000d\000e\000\040\000a\000y\000u\000d\000a}{subsection.8.2.5}% 174
\BOOKMARK [3][-]{subsubsection.8.2.5.3}{\376\377\000C\000a\000r\000a\000c\000t\000e\000r\000\355\000s\000t\000i\000c\000a\000s\000\040\000t\000\351\000c\000n\000i\000c\000a\000s}{subsection.8.2.5}% 175
\BOOKMARK [3][-]{subsubsection.8.2.5.4}{\376\377\000R\000e\000l\000a\000c\000i\000o\000n\000e\000s\000\040\000c\000o\000n\000\040\000e\000l\000\040\000s\000i\000s\000t\000e\000m\000a}{subsection.8.2.5}% 176
\BOOKMARK [2][-]{subsection.8.2.6}{\376\377\000P\000a\000q\000u\000e\000t\000e\000\040\000r\000e\000s\000o\000u\000r\000c\000e\000s}{section.8.2}% 177
\BOOKMARK [3][-]{subsubsection.8.2.6.1}{\376\377\000A\000r\000q\000u\000i\000t\000e\000c\000t\000u\000r\000a\000\040\000d\000e\000\040\000r\000e\000c\000u\000r\000s\000o\000s}{subsection.8.2.6}% 178
\BOOKMARK [3][-]{subsubsection.8.2.6.2}{\376\377\000C\000a\000t\000e\000g\000o\000r\000i\000z\000a\000c\000i\000\363\000n\000\040\000d\000e\000t\000a\000l\000l\000a\000d\000a\000\040\000d\000e\000\040\000r\000e\000c\000u\000r\000s\000o\000s}{subsection.8.2.6}% 179
\BOOKMARK [3][-]{subsubsection.8.2.6.3}{\376\377\000D\000i\000r\000e\000c\000t\000o\000r\000i\000o\000\040\000i\000c\000o\000n\000s\000/\000\040\000e\000s\000p\000e\000c\000i\000a\000l\000i\000z\000a\000d\000o}{subsection.8.2.6}% 180
\BOOKMARK [3][-]{subsubsection.8.2.6.4}{\376\377\000C\000a\000r\000a\000c\000t\000e\000r\000\355\000s\000t\000i\000c\000a\000s\000\040\000t\000\351\000c\000n\000i\000c\000a\000s}{subsection.8.2.6}% 181
\BOOKMARK [3][-]{subsubsection.8.2.6.5}{\376\377\000S\000i\000s\000t\000e\000m\000a\000\040\000d\000e\000\040\000c\000a\000r\000g\000a\000\040\000y\000\040\000g\000e\000s\000t\000i\000\363\000n}{subsection.8.2.6}% 182
\BOOKMARK [3][-]{subsubsection.8.2.6.6}{\376\377\000I\000n\000t\000e\000g\000r\000a\000c\000i\000\363\000n\000\040\000c\000o\000n\000\040\000e\000l\000\040\000s\000i\000s\000t\000e\000m\000a}{subsection.8.2.6}% 183
\BOOKMARK [2][-]{subsection.8.2.7}{\376\377\000P\000a\000q\000u\000e\000t\000e\000\040\000u\000t\000i\000l\000s}{section.8.2}% 184
\BOOKMARK [3][-]{subsubsection.8.2.7.1}{\376\377\000A\000r\000q\000u\000i\000t\000e\000c\000t\000u\000r\000a\000\040\000d\000e\000\040\000s\000e\000r\000v\000i\000c\000i\000o\000s\000\040\000t\000r\000a\000n\000s\000v\000e\000r\000s\000a\000l\000e\000s}{subsection.8.2.7}% 185
\BOOKMARK [3][-]{subsubsection.8.2.7.2}{\376\377\000P\000a\000t\000r\000o\000n\000e\000s\000\040\000d\000e\000\040\000d\000i\000s\000e\000\361\000o\000\040\000i\000m\000p\000l\000e\000m\000e\000n\000t\000a\000d\000o\000s}{subsection.8.2.7}% 186
\BOOKMARK [3][-]{subsubsection.8.2.7.3}{\376\377\000C\000l\000a\000s\000e\000s\000\040\000d\000e\000l\000\040\000p\000a\000q\000u\000e\000t\000e\000\040\000p\000o\000r\000\040\000f\000u\000n\000c\000i\000o\000n\000a\000l\000i\000d\000a\000d}{subsection.8.2.7}% 187
\BOOKMARK [3][-]{subsubsection.8.2.7.4}{\376\377\000C\000a\000r\000a\000c\000t\000e\000r\000\355\000s\000t\000i\000c\000a\000s\000\040\000t\000\351\000c\000n\000i\000c\000a\000s\000\040\000a\000v\000a\000n\000z\000a\000d\000a\000s}{subsection.8.2.7}% 188
\BOOKMARK [3][-]{subsubsection.8.2.7.5}{\376\377\000A\000l\000g\000o\000r\000i\000t\000m\000o\000s\000\040\000i\000m\000p\000l\000e\000m\000e\000n\000t\000a\000d\000o\000s}{subsection.8.2.7}% 189
\BOOKMARK [3][-]{subsubsection.8.2.7.6}{\376\377\000I\000n\000t\000e\000g\000r\000a\000c\000i\000\363\000n\000\040\000c\000r\000\355\000t\000i\000c\000a\000\040\000c\000o\000n\000\040\000e\000l\000\040\000s\000i\000s\000t\000e\000m\000a}{subsection.8.2.7}% 190
\BOOKMARK [3][-]{subsubsection.8.2.7.7}{\376\377\000M\000\351\000t\000r\000i\000c\000a\000s\000\040\000d\000e\000\040\000i\000m\000p\000a\000c\000t\000o}{subsection.8.2.7}% 191
\BOOKMARK [2][-]{subsection.8.2.8}{\376\377\000P\000a\000q\000u\000e\000t\000e\000\040\000v\000i\000s\000t\000a\000s}{section.8.2}% 192
\BOOKMARK [3][-]{subsubsection.8.2.8.1}{\376\377\000A\000r\000q\000u\000i\000t\000e\000c\000t\000u\000r\000a\000\040\000d\000e\000\040\000p\000r\000e\000s\000e\000n\000t\000a\000c\000i\000\363\000n}{subsection.8.2.8}% 193
\BOOKMARK [3][-]{subsubsection.8.2.8.2}{\376\377\000A\000r\000c\000h\000i\000v\000o\000s\000\040\000F\000X\000M\000L\000\040\000p\000o\000r\000\040\000c\000a\000t\000e\000g\000o\000r\000\355\000a}{subsection.8.2.8}% 194
\BOOKMARK [3][-]{subsubsection.8.2.8.3}{\376\377\000S\000i\000s\000t\000e\000m\000a\000\040\000d\000e\000\040\000e\000s\000t\000i\000l\000o\000s\000\040\000C\000S\000S}{subsection.8.2.8}% 195
\BOOKMARK [3][-]{subsubsection.8.2.8.4}{\376\377\000P\000a\000t\000r\000\363\000n\000\040\000M\000V\000C\000\040\000i\000m\000p\000l\000e\000m\000e\000n\000t\000a\000d\000o}{subsection.8.2.8}% 196
\BOOKMARK [3][-]{subsubsection.8.2.8.5}{\376\377\000C\000a\000r\000a\000c\000t\000e\000r\000\355\000s\000t\000i\000c\000a\000s\000\040\000t\000\351\000c\000n\000i\000c\000a\000s}{subsection.8.2.8}% 197
\BOOKMARK [3][-]{subsubsection.8.2.8.6}{\376\377\000I\000n\000t\000e\000g\000r\000a\000c\000i\000\363\000n\000\040\000c\000o\000n\000\040\000e\000l\000\040\000s\000i\000s\000t\000e\000m\000a}{subsection.8.2.8}% 198
\BOOKMARK [1][-]{section.8.3}{\376\377\000D\000i\000a\000g\000r\000a\000m\000a\000\040\000d\000e\000\040\000p\000a\000q\000u\000e\000t\000e\000s\000\040\000d\000e\000\040\000l\000a\000\040\000a\000p\000l\000i\000c\000a\000c\000i\000\363\000n}{chapter.8}% 199
\BOOKMARK [2][-]{subsection.8.3.1}{\376\377\000A\000n\000\341\000l\000i\000s\000i\000s\000\040\000d\000e\000\040\000d\000e\000p\000e\000n\000d\000e\000n\000c\000i\000a\000s\000\040\000d\000e\000l\000\040\000d\000i\000a\000g\000r\000a\000m\000a}{section.8.3}% 200
\BOOKMARK [3][-]{subsubsection.8.3.1.1}{\376\377\000D\000e\000p\000e\000n\000d\000e\000n\000c\000i\000a\000s\000\040\000c\000r\000\355\000t\000i\000c\000a\000s\000\040\000d\000e\000l\000\040\000n\000\372\000c\000l\000e\000o}{subsection.8.3.1}% 201
\BOOKMARK [3][-]{subsubsection.8.3.1.2}{\376\377\000D\000e\000p\000e\000n\000d\000e\000n\000c\000i\000a\000s\000\040\000d\000e\000\040\000r\000e\000c\000u\000r\000s\000o\000s}{subsection.8.3.1}% 202
\BOOKMARK [2][-]{subsection.8.3.2}{\376\377\000M\000\351\000t\000r\000i\000c\000a\000s\000\040\000c\000u\000a\000n\000t\000i\000t\000a\000t\000i\000v\000a\000s\000\040\000d\000e\000\040\000l\000a\000\040\000a\000r\000q\000u\000i\000t\000e\000c\000t\000u\000r\000a}{section.8.3}% 203
\BOOKMARK [3][-]{subsubsection.8.3.2.1}{\376\377\000D\000i\000s\000t\000r\000i\000b\000u\000c\000i\000\363\000n\000\040\000d\000e\000\040\000c\000l\000a\000s\000e\000s\000\040\000p\000o\000r\000\040\000p\000a\000q\000u\000e\000t\000e}{subsection.8.3.2}% 204
\BOOKMARK [3][-]{subsubsection.8.3.2.2}{\376\377\000C\000o\000m\000p\000l\000e\000j\000i\000d\000a\000d\000\040\000a\000l\000g\000o\000r\000\355\000t\000m\000i\000c\000a\000\040\000p\000o\000r\000\040\000p\000a\000q\000u\000e\000t\000e}{subsection.8.3.2}% 205
\BOOKMARK [3][-]{subsubsection.8.3.2.3}{\376\377\000M\000a\000t\000r\000i\000z\000\040\000d\000e\000\040\000d\000e\000p\000e\000n\000d\000e\000n\000c\000i\000a\000s}{subsection.8.3.2}% 206
\BOOKMARK [1][-]{section.8.4}{\376\377\000C\000o\000n\000c\000l\000u\000s\000i\000o\000n\000e\000s\000\040\000s\000o\000b\000r\000e\000\040\000l\000a\000\040\000a\000r\000q\000u\000i\000t\000e\000c\000t\000u\000r\000a\000\040\000d\000e\000\040\000p\000a\000q\000u\000e\000t\000e\000s}{chapter.8}% 207
\BOOKMARK [2][-]{subsection.8.4.1}{\376\377\000P\000r\000i\000n\000c\000i\000p\000i\000o\000s\000\040\000d\000e\000\040\000d\000i\000s\000e\000\361\000o\000\040\000c\000u\000m\000p\000l\000i\000d\000o\000s}{section.8.4}% 208
\BOOKMARK [2][-]{subsection.8.4.2}{\376\377\000P\000a\000t\000r\000o\000n\000e\000s\000\040\000d\000e\000\040\000d\000i\000s\000e\000\361\000o\000\040\000i\000m\000p\000l\000e\000m\000e\000n\000t\000a\000d\000o\000s}{section.8.4}% 209
\BOOKMARK [2][-]{subsection.8.4.3}{\376\377\000V\000e\000n\000t\000a\000j\000a\000s\000\040\000d\000e\000\040\000l\000a\000\040\000a\000r\000q\000u\000i\000t\000e\000c\000t\000u\000r\000a\000\040\000a\000c\000t\000u\000a\000l}{section.8.4}% 210
\BOOKMARK [3][-]{subsubsection.8.4.3.1}{\376\377\000V\000e\000n\000t\000a\000j\000a\000s\000\040\000t\000\351\000c\000n\000i\000c\000a\000s}{subsection.8.4.3}% 211
\BOOKMARK [3][-]{subsubsection.8.4.3.2}{\376\377\000V\000e\000n\000t\000a\000j\000a\000s\000\040\000d\000e\000l\000\040\000d\000o\000m\000i\000n\000i\000o}{subsection.8.4.3}% 212
\BOOKMARK [2][-]{subsection.8.4.4}{\376\377\000L\000i\000m\000i\000t\000a\000c\000i\000o\000n\000e\000s\000\040\000i\000d\000e\000n\000t\000i\000f\000i\000c\000a\000d\000a\000s}{section.8.4}% 213
\BOOKMARK [2][-]{subsection.8.4.5}{\376\377\000R\000e\000c\000o\000m\000e\000n\000d\000a\000c\000i\000o\000n\000e\000s\000\040\000p\000a\000r\000a\000\040\000e\000v\000o\000l\000u\000c\000i\000\363\000n\000\040\000f\000u\000t\000u\000r\000a}{section.8.4}% 214
\BOOKMARK [0][-]{chapter.9}{\376\377\000D\000i\000s\000e\000\361\000o\000\040\000d\000e\000\040\000c\000l\000a\000s\000e\000s}{part.3}% 215
\BOOKMARK [1][-]{section.9.1}{\376\377\000I\000n\000t\000r\000o\000d\000u\000c\000c\000i\000\363\000n}{chapter.9}% 216
\BOOKMARK [1][-]{section.9.2}{\376\377\000C\000l\000a\000s\000e\000s\000\040\000d\000e\000l\000\040\000s\000i\000s\000t\000e\000m\000a}{chapter.9}% 217
\BOOKMARK [2][-]{subsection.9.2.1}{\376\377\000C\000l\000a\000s\000e\000\040\000B\000i\000e\000n\000v\000e\000n\000i\000d\000a}{section.9.2}% 218
\BOOKMARK [2][-]{subsection.9.2.2}{\376\377\000C\000l\000a\000s\000e\000\040\000M\000e\000n\000u\000P\000r\000i\000n\000c\000i\000p\000a\000l}{section.9.2}% 219
\BOOKMARK [2][-]{subsection.9.2.3}{\376\377\000C\000l\000a\000s\000e\000\040\000G\000r\000a\000m\000a\000t\000i\000c\000a}{section.9.2}% 220
\BOOKMARK [2][-]{subsection.9.2.4}{\376\377\000C\000l\000a\000s\000e\000\040\000S\000i\000m\000b\000o\000l\000o}{section.9.2}% 221
\BOOKMARK [2][-]{subsection.9.2.5}{\376\377\000C\000l\000a\000s\000e\000\040\000T\000e\000r\000m\000i\000n\000a\000l}{section.9.2}% 222
\BOOKMARK [2][-]{subsection.9.2.6}{\376\377\000C\000l\000a\000s\000e\000\040\000N\000o\000T\000e\000r\000m\000i\000n\000a\000l}{section.9.2}% 223
\BOOKMARK [2][-]{subsection.9.2.7}{\376\377\000C\000l\000a\000s\000e\000\040\000P\000r\000o\000d\000u\000c\000c\000i\000o\000n}{section.9.2}% 224
\BOOKMARK [2][-]{subsection.9.2.8}{\376\377\000C\000l\000a\000s\000e\000\040\000A\000n\000t\000e\000c\000e\000d\000e\000n\000t\000e}{section.9.2}% 225
\BOOKMARK [2][-]{subsection.9.2.9}{\376\377\000C\000l\000a\000s\000e\000\040\000C\000o\000n\000s\000e\000c\000u\000e\000n\000t\000e}{section.9.2}% 226
\BOOKMARK [2][-]{subsection.9.2.10}{\376\377\000C\000l\000a\000s\000e\000\040\000T\000a\000b\000l\000a\000P\000r\000e\000d\000i\000c\000t\000i\000v\000a}{section.9.2}% 227
\BOOKMARK [2][-]{subsection.9.2.11}{\376\377\000C\000l\000a\000s\000e\000\040\000T\000a\000b\000l\000a\000P\000r\000e\000d\000i\000c\000t\000i\000v\000a\000P\000a\000s\000o\0005}{section.9.2}% 228
\BOOKMARK [2][-]{subsection.9.2.12}{\376\377\000C\000l\000a\000s\000e\000\040\000F\000i\000l\000a\000T\000a\000b\000l\000a\000P\000r\000e\000d\000i\000c\000t\000i\000v\000a}{section.9.2}% 229
\BOOKMARK [2][-]{subsection.9.2.13}{\376\377\000C\000l\000a\000s\000e\000\040\000F\000u\000n\000c\000i\000o\000n\000E\000r\000r\000o\000r}{section.9.2}% 230
\BOOKMARK [2][-]{subsection.9.2.14}{\376\377\000C\000l\000a\000s\000e\000\040\000E\000d\000i\000t\000o\000r}{section.9.2}% 231
\BOOKMARK [2][-]{subsection.9.2.15}{\376\377\000C\000l\000a\000s\000e\000\040\000E\000d\000i\000t\000o\000r\000W\000i\000n\000d\000o\000w}{section.9.2}% 232
\BOOKMARK [2][-]{subsection.9.2.16}{\376\377\000C\000l\000a\000s\000e\000\040\000P\000a\000n\000e\000l\000C\000r\000e\000a\000c\000i\000o\000n\000G\000r\000a\000m\000a\000t\000i\000c\000a}{section.9.2}% 233
\BOOKMARK [2][-]{subsection.9.2.17}{\376\377\000C\000l\000a\000s\000e\000\040\000P\000a\000n\000e\000l\000C\000r\000e\000a\000c\000i\000o\000n\000G\000r\000a\000m\000a\000t\000i\000c\000a\000P\000a\000s\000o\0001}{section.9.2}% 234
\BOOKMARK [2][-]{subsection.9.2.18}{\376\377\000C\000l\000a\000s\000e\000\040\000P\000a\000n\000e\000l\000P\000r\000o\000d\000u\000c\000c\000i\000o\000n\000e\000s}{section.9.2}% 235
\BOOKMARK [2][-]{subsection.9.2.19}{\376\377\000C\000l\000a\000s\000e\000\040\000P\000a\000n\000e\000l\000S\000i\000m\000b\000o\000l\000o\000s\000N\000o\000T\000e\000r\000m\000i\000n\000a\000l\000e\000s}{section.9.2}% 236
\BOOKMARK [2][-]{subsection.9.2.20}{\376\377\000C\000l\000a\000s\000e\000\040\000P\000a\000n\000e\000l\000S\000i\000m\000b\000o\000l\000o\000s\000T\000e\000r\000m\000i\000n\000a\000l\000e\000s}{section.9.2}% 237
\BOOKMARK [2][-]{subsection.9.2.21}{\376\377\000C\000l\000a\000s\000e\000\040\000P\000a\000n\000e\000l\000C\000r\000e\000a\000c\000i\000o\000n\000G\000r\000a\000m\000a\000t\000i\000c\000a\000P\000a\000s\000o\0002}{section.9.2}% 238
\BOOKMARK [2][-]{subsection.9.2.22}{\376\377\000C\000l\000a\000s\000e\000\040\000P\000a\000n\000e\000l\000C\000r\000e\000a\000c\000i\000o\000n\000G\000r\000a\000m\000a\000t\000i\000c\000a\000P\000a\000s\000o\0003}{section.9.2}% 239
\BOOKMARK [2][-]{subsection.9.2.23}{\376\377\000C\000l\000a\000s\000e\000\040\000P\000a\000n\000e\000l\000C\000r\000e\000a\000c\000i\000o\000n\000G\000r\000a\000m\000a\000t\000i\000c\000a\000P\000a\000s\000o\0004}{section.9.2}% 240
\BOOKMARK [2][-]{subsection.9.2.24}{\376\377\000C\000l\000a\000s\000e\000\040\000E\000d\000i\000t\000o\000r\000C\000a\000d\000e\000n\000a\000E\000n\000t\000r\000a\000d\000a\000C\000o\000n\000t\000r\000o\000l\000l\000e\000r}{section.9.2}% 241
\BOOKMARK [2][-]{subsection.9.2.25}{\376\377\000C\000l\000a\000s\000e\000\040\000N\000u\000e\000v\000a\000F\000u\000n\000c\000i\000o\000n\000E\000r\000r\000o\000r}{section.9.2}% 242
\BOOKMARK [2][-]{subsection.9.2.26}{\376\377\000C\000l\000a\000s\000e\000\040\000P\000a\000n\000e\000l\000G\000r\000a\000m\000a\000t\000i\000c\000a\000O\000r\000i\000g\000i\000n\000a\000l}{section.9.2}% 243
\BOOKMARK [2][-]{subsection.9.2.27}{\376\377\000I\000n\000t\000e\000r\000f\000a\000z\000\040\000P\000a\000n\000e\000l\000N\000u\000e\000v\000a\000S\000i\000m\000D\000e\000s\000c\000P\000a\000s\000o}{section.9.2}% 244
\BOOKMARK [2][-]{subsection.9.2.28}{\376\377\000C\000l\000a\000s\000e\000\040\000P\000a\000n\000e\000l\000N\000u\000e\000v\000a\000S\000i\000m\000D\000e\000s\000c\000P\000a\000s\000o\0001}{section.9.2}% 245
\BOOKMARK [2][-]{subsection.9.2.29}{\376\377\000C\000l\000a\000s\000e\000\040\000P\000a\000n\000e\000l\000N\000u\000e\000v\000a\000S\000i\000m\000D\000e\000s\000c\000P\000a\000s\000o\0002}{section.9.2}% 246
\BOOKMARK [2][-]{subsection.9.2.30}{\376\377\000C\000l\000a\000s\000e\000\040\000P\000a\000n\000e\000l\000N\000u\000e\000v\000a\000S\000i\000m\000D\000e\000s\000c\000P\000a\000s\000o\0003}{section.9.2}% 247
\BOOKMARK [2][-]{subsection.9.2.31}{\376\377\000C\000l\000a\000s\000e\000\040\000P\000a\000n\000e\000l\000N\000u\000e\000v\000a\000S\000i\000m\000D\000e\000s\000c\000P\000a\000s\000o\0004}{section.9.2}% 248
\BOOKMARK [2][-]{subsection.9.2.32}{\376\377\000C\000l\000a\000s\000e\000\040\000P\000a\000n\000e\000l\000N\000u\000e\000v\000a\000S\000i\000m\000D\000e\000s\000c\000P\000a\000s\000o\0005}{section.9.2}% 249
\BOOKMARK [2][-]{subsection.9.2.33}{\376\377\000C\000l\000a\000s\000e\000\040\000P\000a\000n\000e\000l\000N\000u\000e\000v\000a\000S\000i\000m\000D\000e\000s\000c\000P\000a\000s\000o\0006}{section.9.2}% 250
\BOOKMARK [2][-]{subsection.9.2.34}{\376\377\000C\000l\000a\000s\000e\000\040\000P\000a\000n\000e\000l\000S\000i\000m\000u\000l\000a\000c\000i\000o\000n}{section.9.2}% 251
\BOOKMARK [2][-]{subsection.9.2.35}{\376\377\000C\000l\000a\000s\000e\000\040\000P\000a\000n\000e\000l\000S\000i\000m\000u\000l\000a\000d\000o\000r\000D\000e\000s\000c}{section.9.2}% 252
\BOOKMARK [2][-]{subsection.9.2.36}{\376\377\000C\000l\000a\000s\000e\000\040\000S\000i\000m\000u\000l\000a\000c\000i\000o\000n\000F\000i\000n\000a\000l}{section.9.2}% 253
\BOOKMARK [2][-]{subsection.9.2.37}{\376\377\000C\000l\000a\000s\000e\000\040\000A\000c\000t\000u\000a\000l\000i\000z\000a\000b\000l\000e\000T\000e\000x\000t\000o\000s}{section.9.2}% 254
\BOOKMARK [2][-]{subsection.9.2.38}{\376\377\000C\000l\000a\000s\000e\000\040\000L\000a\000n\000g\000u\000a\000g\000e\000I\000t\000e\000m}{section.9.2}% 255
\BOOKMARK [2][-]{subsection.9.2.39}{\376\377\000C\000l\000a\000s\000e\000\040\000L\000a\000n\000g\000u\000a\000g\000e\000L\000i\000s\000t\000C\000e\000l\000l}{section.9.2}% 256
\BOOKMARK [2][-]{subsection.9.2.40}{\376\377\000C\000l\000a\000s\000e\000\040\000S\000e\000c\000o\000n\000d\000a\000r\000y\000W\000i\000n\000d\000o\000w}{section.9.2}% 257
\BOOKMARK [2][-]{subsection.9.2.41}{\376\377\000C\000l\000a\000s\000e\000\040\000T\000a\000b\000M\000a\000n\000a\000g\000e\000r}{section.9.2}% 258
\BOOKMARK [2][-]{subsection.9.2.42}{\376\377\000C\000l\000a\000s\000e\000\040\000T\000a\000b\000P\000a\000n\000e\000M\000o\000n\000i\000t\000o\000r}{section.9.2}% 259
\BOOKMARK [2][-]{subsection.9.2.43}{\376\377\000E\000s\000t\000r\000u\000c\000t\000u\000r\000a\000\040\000d\000e\000l\000\040\000p\000a\000q\000u\000e\000t\000e\000\040\000v\000i\000s\000t\000a\000s}{section.9.2}% 260
\BOOKMARK [1][-]{section.9.3}{\376\377\000R\000e\000l\000a\000c\000i\000o\000n\000e\000s\000\040\000e\000n\000t\000r\000e\000\040\000l\000a\000s\000\040\000c\000l\000a\000s\000e\000s}{chapter.9}% 261
\BOOKMARK [2][-]{subsection.9.3.1}{\376\377\000R\000e\000l\000a\000c\000i\000\363\000n\000\040\000d\000e\000\040\000h\000e\000r\000e\000n\000c\000i\000a\000:\000\040\000S\000i\000m\000b\000o\000l\000o\000\040\000-\000\040\000T\000e\000r\000m\000i\000n\000a\000l\000\040\000y\000\040\000N\000o\000T\000e\000r\000m\000i\000n\000a\000l}{section.9.3}% 262
\BOOKMARK [2][-]{subsection.9.3.2}{\376\377\000R\000e\000l\000a\000c\000i\000\363\000n\000\040\000d\000e\000\040\000c\000o\000m\000p\000o\000s\000i\000c\000i\000\363\000n\000:\000\040\000G\000r\000a\000m\000a\000t\000i\000c\000a\000\040\000-\000\040\000P\000r\000o\000d\000u\000c\000c\000i\000o\000n}{section.9.3}% 263
\BOOKMARK [2][-]{subsection.9.3.3}{\376\377\000R\000e\000l\000a\000c\000i\000\363\000n\000\040\000d\000e\000\040\000c\000o\000m\000p\000o\000s\000i\000c\000i\000\363\000n\000:\000\040\000P\000r\000o\000d\000u\000c\000c\000i\000o\000n\000\040\000-\000\040\000A\000n\000t\000e\000c\000e\000d\000e\000n\000t\000e\000\040\000y\000\040\000C\000o\000n\000s\000e\000c\000u\000e\000n\000t\000e}{section.9.3}% 264
\BOOKMARK [2][-]{subsection.9.3.4}{\376\377\000R\000e\000l\000a\000c\000i\000\363\000n\000\040\000d\000e\000\040\000c\000o\000m\000p\000o\000s\000i\000c\000i\000\363\000n\000:\000\040\000A\000n\000t\000e\000c\000e\000d\000e\000n\000t\000e\000\040\000-\000\040\000N\000o\000T\000e\000r\000m\000i\000n\000a\000l}{section.9.3}% 265
\BOOKMARK [2][-]{subsection.9.3.5}{\376\377\000R\000e\000l\000a\000c\000i\000\363\000n\000\040\000d\000e\000\040\000c\000o\000m\000p\000o\000s\000i\000c\000i\000\363\000n\000:\000\040\000C\000o\000n\000s\000e\000c\000u\000e\000n\000t\000e\000\040\000-\000\040\000S\000i\000m\000b\000o\000l\000o}{section.9.3}% 266
\BOOKMARK [2][-]{subsection.9.3.6}{\376\377\000R\000e\000l\000a\000c\000i\000\363\000n\000\040\000d\000e\000\040\000c\000o\000m\000p\000o\000s\000i\000c\000i\000\363\000n\000:\000\040\000G\000r\000a\000m\000a\000t\000i\000c\000a\000\040\000-\000\040\000T\000e\000r\000m\000i\000n\000a\000l\000\040\000y\000\040\000N\000o\000T\000e\000r\000m\000i\000n\000a\000l}{section.9.3}% 267
\BOOKMARK [2][-]{subsection.9.3.7}{\376\377\000R\000e\000l\000a\000c\000i\000\363\000n\000\040\000d\000e\000\040\000c\000o\000m\000p\000o\000s\000i\000c\000i\000\363\000n\000:\000\040\000G\000r\000a\000m\000a\000t\000i\000c\000a\000\040\000-\000\040\000T\000a\000b\000l\000a\000P\000r\000e\000d\000i\000c\000t\000i\000v\000a}{section.9.3}% 268
\BOOKMARK [2][-]{subsection.9.3.8}{\376\377\000R\000e\000l\000a\000c\000i\000\363\000n\000\040\000d\000e\000\040\000u\000s\000o\000:\000\040\000E\000d\000i\000t\000o\000r\000\040\000-\000\040\000G\000r\000a\000m\000a\000t\000i\000c\000a}{section.9.3}% 269
\BOOKMARK [2][-]{subsection.9.3.9}{\376\377\000R\000e\000l\000a\000c\000i\000\363\000n\000\040\000d\000e\000\040\000u\000s\000o\000:\000\040\000S\000i\000m\000u\000l\000a\000d\000o\000r\000\040\000-\000\040\000G\000r\000a\000m\000a\000t\000i\000c\000a}{section.9.3}% 270
\BOOKMARK [2][-]{subsection.9.3.10}{\376\377\000R\000e\000l\000a\000c\000i\000\363\000n\000\040\000d\000e\000\040\000h\000e\000r\000e\000n\000c\000i\000a\000:\000\040\000A\000p\000p\000l\000i\000c\000a\000t\000i\000o\000n\000\040\000-\000\040\000B\000i\000e\000n\000v\000e\000n\000i\000d\000a\000\040\000y\000\040\000M\000e\000n\000u\000P\000r\000i\000n\000c\000i\000p\000a\000l}{section.9.3}% 271
\BOOKMARK [2][-]{subsection.9.3.11}{\376\377\000R\000e\000l\000a\000c\000i\000\363\000n\000\040\000d\000e\000\040\000h\000e\000r\000e\000n\000c\000i\000a\000:\000\040\000V\000B\000o\000x\000\040\000-\000\040\000C\000l\000a\000s\000e\000s\000\040\000d\000e\000\040\000p\000a\000n\000e\000l\000e\000s}{section.9.3}% 272
\BOOKMARK [2][-]{subsection.9.3.12}{\376\377\000R\000e\000l\000a\000c\000i\000\363\000n\000\040\000d\000e\000\040\000i\000m\000p\000l\000e\000m\000e\000n\000t\000a\000c\000i\000\363\000n\000:\000\040\000A\000c\000t\000u\000a\000l\000i\000z\000a\000b\000l\000e\000T\000e\000x\000t\000o\000s}{section.9.3}% 273
\BOOKMARK [2][-]{subsection.9.3.13}{\376\377\000R\000e\000l\000a\000c\000i\000\363\000n\000\040\000d\000e\000\040\000h\000e\000r\000e\000n\000c\000i\000a\000:\000\040\000E\000d\000i\000t\000o\000r\000W\000i\000n\000d\000o\000w\000\040\000-\000\040\000S\000e\000c\000o\000n\000d\000a\000r\000y\000W\000i\000n\000d\000o\000w}{section.9.3}% 274
\BOOKMARK [2][-]{subsection.9.3.14}{\376\377\000R\000e\000l\000a\000c\000i\000\363\000n\000\040\000d\000e\000\040\000h\000e\000r\000e\000n\000c\000i\000a\000:\000\040\000T\000a\000b\000l\000a\000P\000r\000e\000d\000i\000c\000t\000i\000v\000a\000\040\000-\000\040\000T\000a\000b\000l\000a\000P\000r\000e\000d\000i\000c\000t\000i\000v\000a\000P\000a\000s\000o\0005}{section.9.3}% 275
\BOOKMARK [2][-]{subsection.9.3.15}{\376\377\000R\000e\000l\000a\000c\000i\000\363\000n\000\040\000d\000e\000\040\000c\000o\000m\000p\000o\000s\000i\000c\000i\000\363\000n\000:\000\040\000T\000a\000b\000l\000a\000P\000r\000e\000d\000i\000c\000t\000i\000v\000a\000\040\000-\000\040\000F\000i\000l\000a\000T\000a\000b\000l\000a\000P\000r\000e\000d\000i\000c\000t\000i\000v\000a}{section.9.3}% 276
\BOOKMARK [2][-]{subsection.9.3.16}{\376\377\000R\000e\000l\000a\000c\000i\000\363\000n\000\040\000d\000e\000\040\000c\000o\000m\000p\000o\000s\000i\000c\000i\000\363\000n\000:\000\040\000T\000a\000b\000l\000a\000P\000r\000e\000d\000i\000c\000t\000i\000v\000a\000\040\000-\000\040\000F\000u\000n\000c\000i\000o\000n\000E\000r\000r\000o\000r}{section.9.3}% 277
\BOOKMARK [2][-]{subsection.9.3.17}{\376\377\000R\000e\000l\000a\000c\000i\000\363\000n\000\040\000d\000e\000\040\000a\000s\000o\000c\000i\000a\000c\000i\000\363\000n\000:\000\040\000F\000u\000n\000c\000i\000o\000n\000E\000r\000r\000o\000r\000\040\000-\000\040\000T\000e\000r\000m\000i\000n\000a\000l}{section.9.3}% 278
\BOOKMARK [2][-]{subsection.9.3.18}{\376\377\000R\000e\000l\000a\000c\000i\000\363\000n\000\040\000d\000e\000\040\000h\000e\000r\000e\000n\000c\000i\000a\000:\000\040\000V\000B\000o\000x\000\040\000-\000\040\000E\000d\000i\000t\000o\000r}{section.9.3}% 279
\BOOKMARK [2][-]{subsection.9.3.19}{\376\377\000R\000e\000l\000a\000c\000i\000\363\000n\000\040\000d\000e\000\040\000h\000e\000r\000e\000n\000c\000i\000a\000:\000\040\000B\000o\000r\000d\000e\000r\000P\000a\000n\000e\000\040\000-\000\040\000P\000a\000n\000e\000l\000C\000r\000e\000a\000c\000i\000o\000n\000G\000r\000a\000m\000a\000t\000i\000c\000a}{section.9.3}% 280
\BOOKMARK [2][-]{subsection.9.3.20}{\376\377\000R\000e\000l\000a\000c\000i\000\363\000n\000\040\000d\000e\000\040\000h\000e\000r\000e\000n\000c\000i\000a\000:\000\040\000V\000B\000o\000x\000\040\000-\000\040\000P\000a\000n\000e\000l\000e\000s\000\040\000d\000e\000l\000\040\000E\000d\000i\000t\000o\000r}{section.9.3}% 281
\BOOKMARK [2][-]{subsection.9.3.21}{\376\377\000R\000e\000l\000a\000c\000i\000\363\000n\000\040\000d\000e\000\040\000c\000o\000m\000p\000o\000s\000i\000c\000i\000\363\000n\000:\000\040\000E\000d\000i\000t\000o\000r\000\040\000-\000\040\000G\000r\000a\000m\000a\000t\000i\000c\000a}{section.9.3}% 282
\BOOKMARK [2][-]{subsection.9.3.22}{\376\377\000R\000e\000l\000a\000c\000i\000\363\000n\000\040\000d\000e\000\040\000c\000o\000m\000p\000o\000s\000i\000c\000i\000\363\000n\000:\000\040\000P\000a\000n\000e\000l\000C\000r\000e\000a\000c\000i\000o\000n\000G\000r\000a\000m\000a\000t\000i\000c\000a\000\040\000-\000\040\000P\000a\000n\000e\000l\000e\000s\000\040\000d\000e\000\040\000P\000a\000s\000o\000s}{section.9.3}% 283
\BOOKMARK [2][-]{subsection.9.3.23}{\376\377\000R\000e\000l\000a\000c\000i\000\363\000n\000\040\000d\000e\000\040\000c\000o\000m\000p\000o\000s\000i\000c\000i\000\363\000n\000:\000\040\000P\000a\000n\000e\000l\000C\000r\000e\000a\000c\000i\000o\000n\000G\000r\000a\000m\000a\000t\000i\000c\000a\000\040\000-\000\040\000G\000r\000a\000m\000a\000t\000i\000c\000a}{section.9.3}% 284
\BOOKMARK [2][-]{subsection.9.3.24}{\376\377\000R\000e\000l\000a\000c\000i\000\363\000n\000\040\000d\000e\000\040\000u\000s\000o\000:\000\040\000E\000d\000i\000t\000o\000r\000\040\000-\000\040\000P\000a\000n\000e\000l\000C\000r\000e\000a\000c\000i\000o\000n\000G\000r\000a\000m\000a\000t\000i\000c\000a}{section.9.3}% 285
\BOOKMARK [2][-]{subsection.9.3.25}{\376\377\000R\000e\000l\000a\000c\000i\000\363\000n\000\040\000d\000e\000\040\000u\000s\000o\000:\000\040\000P\000a\000n\000e\000l\000C\000r\000e\000a\000c\000i\000o\000n\000G\000r\000a\000m\000a\000t\000i\000c\000a\000P\000a\000s\000o\0002\000\040\000-\000\040\000P\000a\000n\000e\000l\000S\000i\000m\000b\000o\000l\000o\000s\000N\000o\000T\000e\000r\000m\000i\000n\000a\000l\000e\000s\000\040\000y\000\040\000P\000a\000n\000e\000l\000S\000i\000m\000b\000o\000l\000o\000s\000T\000e\000r\000m\000i\000n\000a\000l\000e\000s}{section.9.3}% 286
\BOOKMARK [2][-]{subsection.9.3.26}{\376\377\000R\000e\000l\000a\000c\000i\000\363\000n\000\040\000d\000e\000\040\000u\000s\000o\000:\000\040\000P\000a\000n\000e\000l\000C\000r\000e\000a\000c\000i\000o\000n\000G\000r\000a\000m\000a\000t\000i\000c\000a\000P\000a\000s\000o\0003\000\040\000-\000\040\000P\000a\000n\000e\000l\000P\000r\000o\000d\000u\000c\000c\000i\000o\000n\000e\000s}{section.9.3}% 287
\BOOKMARK [2][-]{subsection.9.3.27}{\376\377\000R\000e\000l\000a\000c\000i\000\363\000n\000\040\000d\000e\000\040\000i\000m\000p\000l\000e\000m\000e\000n\000t\000a\000c\000i\000\363\000n\000:\000\040\000C\000l\000a\000s\000e\000s\000\040\000d\000e\000l\000\040\000E\000d\000i\000t\000o\000r\000\040\000-\000\040\000A\000c\000t\000u\000a\000l\000i\000z\000a\000b\000l\000e\000T\000e\000x\000t\000o\000s}{section.9.3}% 288
\BOOKMARK [2][-]{subsection.9.3.28}{\376\377\000R\000e\000l\000a\000c\000i\000o\000n\000e\000s\000\040\000d\000e\000l\000\040\000p\000a\000q\000u\000e\000t\000e\000\040\000s\000i\000m\000u\000l\000a\000d\000o\000r}{section.9.3}% 289
\BOOKMARK [3][-]{subsubsection.9.3.28.1}{\376\377\000H\000e\000r\000e\000n\000c\000i\000a}{subsection.9.3.28}% 290
\BOOKMARK [3][-]{subsubsection.9.3.28.2}{\376\377\000C\000o\000m\000p\000o\000s\000i\000c\000i\000\363\000n}{subsection.9.3.28}% 291
\BOOKMARK [3][-]{subsubsection.9.3.28.3}{\376\377\000A\000s\000o\000c\000i\000a\000c\000i\000\363\000n}{subsection.9.3.28}% 292
\BOOKMARK [3][-]{subsubsection.9.3.28.4}{\376\377\000I\000m\000p\000l\000e\000m\000e\000n\000t\000a\000c\000i\000\363\000n}{subsection.9.3.28}% 293
\BOOKMARK [3][-]{subsubsection.9.3.28.5}{\376\377\000U\000s\000o}{subsection.9.3.28}% 294
\BOOKMARK [2][-]{subsection.9.3.29}{\376\377\000R\000e\000l\000a\000c\000i\000o\000n\000e\000s\000\040\000d\000e\000l\000\040\000p\000a\000q\000u\000e\000t\000e\000\040\000u\000t\000i\000l\000s}{section.9.3}% 295
\BOOKMARK [3][-]{subsubsection.9.3.29.1}{\376\377\000H\000e\000r\000e\000n\000c\000i\000a}{subsection.9.3.29}% 296
\BOOKMARK [3][-]{subsubsection.9.3.29.2}{\376\377\000C\000o\000m\000p\000o\000s\000i\000c\000i\000\363\000n}{subsection.9.3.29}% 297
\BOOKMARK [3][-]{subsubsection.9.3.29.3}{\376\377\000A\000s\000o\000c\000i\000a\000c\000i\000\363\000n}{subsection.9.3.29}% 298
\BOOKMARK [3][-]{subsubsection.9.3.29.4}{\376\377\000I\000m\000p\000l\000e\000m\000e\000n\000t\000a\000c\000i\000\363\000n}{subsection.9.3.29}% 299
\BOOKMARK [3][-]{subsubsection.9.3.29.5}{\376\377\000U\000s\000o}{subsection.9.3.29}% 300
\BOOKMARK [3][-]{subsubsection.9.3.29.6}{\376\377\000D\000e\000p\000e\000n\000d\000e\000n\000c\000i\000a}{subsection.9.3.29}% 301
\BOOKMARK [1][-]{section.9.4}{\376\377\000D\000i\000a\000g\000r\000a\000m\000a\000\040\000d\000e\000\040\000c\000l\000a\000s\000e\000s\000\040\000d\000e\000l\000\040\000s\000i\000s\000t\000e\000m\000a}{chapter.9}% 302
\BOOKMARK [0][-]{chapter.10}{\376\377\000D\000i\000s\000e\000\361\000o\000\040\000d\000e\000\040\000l\000a\000\040\000i\000n\000t\000e\000r\000f\000a\000z}{part.3}% 303
\BOOKMARK [1][-]{section.10.1}{\376\377\000I\000n\000t\000r\000o\000d\000u\000c\000c\000i\000\363\000n}{chapter.10}% 304
\BOOKMARK [1][-]{section.10.2}{\376\377\000B\000a\000r\000r\000a\000s\000\040\000d\000e\000\040\000m\000e\000n\000\372\000s}{chapter.10}% 305
\BOOKMARK [1][-]{section.10.3}{\376\377\000B\000a\000r\000r\000a\000s\000\040\000d\000e\000\040\000h\000e\000r\000r\000a\000m\000i\000e\000n\000t\000a\000s}{chapter.10}% 306
\BOOKMARK [1][-]{section.10.4}{\376\377\000V\000e\000n\000t\000a\000n\000a\000\040\000d\000e\000l\000\040\000e\000d\000i\000t\000o\000r}{chapter.10}% 307
\BOOKMARK [1][-]{section.10.5}{\376\377\000V\000e\000n\000t\000a\000n\000a\000\040\000d\000e\000l\000\040\000s\000i\000m\000u\000l\000a\000d\000o\000r}{chapter.10}% 308
\BOOKMARK [1][-]{section.10.6}{\376\377\000V\000e\000n\000t\000a\000n\000a\000\040\000d\000e\000\040\000s\000i\000m\000u\000l\000a\000c\000i\000\363\000n}{chapter.10}% 309
\BOOKMARK [1][-]{section.10.7}{\376\377\000V\000e\000n\000t\000a\000n\000a\000\040\000d\000e\000\040\000V\000i\000s\000u\000a\000l\000i\000z\000a\000c\000i\000\363\000n\000\040\000d\000e\000l\000\040\000\301\000r\000b\000o\000l\000\040\000S\000i\000n\000t\000\341\000c\000t\000i\000c\000o}{chapter.10}% 310
\BOOKMARK [1][-]{section.10.8}{\376\377\000V\000e\000n\000t\000a\000n\000a\000\040\000d\000e\000\040\000D\000e\000r\000i\000v\000a\000c\000i\000\363\000n\000\040\000S\000i\000n\000t\000\341\000c\000t\000i\000c\000a}{chapter.10}% 311
\BOOKMARK [1][-]{section.10.9}{\376\377\000V\000e\000n\000t\000a\000n\000a\000\040\000d\000e\000\040\000a\000s\000i\000s\000t\000e\000n\000t\000e}{chapter.10}% 312
\BOOKMARK [1][-]{section.10.10}{\376\377\000V\000e\000n\000t\000a\000n\000a\000s\000\040\000d\000e\000\040\000e\000d\000i\000c\000i\000\363\000n}{chapter.10}% 313
\BOOKMARK [-1][-]{part.4}{\376\377\000I\000V\000\040\000P\000r\000u\000e\000b\000a\000s}{}% 314
\BOOKMARK [0][-]{chapter.11}{\376\377\000P\000r\000u\000e\000b\000a\000s}{part.4}% 315
\BOOKMARK [1][-]{section.11.1}{\376\377\000I\000n\000t\000r\000o\000d\000u\000c\000c\000i\000\363\000n}{chapter.11}% 316
\BOOKMARK [1][-]{section.11.2}{\376\377\000P\000r\000u\000e\000b\000a\000s\000\040\000d\000e\000l\000\040\000m\000\363\000d\000u\000l\000o\000\040\000E\000d\000i\000t\000o\000r}{chapter.11}% 317
\BOOKMARK [2][-]{subsection.11.2.1}{\376\377\000A\000l\000m\000a\000c\000e\000n\000a\000m\000i\000e\000n\000t\000o\000\040\000y\000\040\000r\000e\000c\000u\000p\000e\000r\000a\000c\000i\000\363\000n\000\040\000d\000e\000\040\000g\000r\000a\000m\000\341\000t\000i\000c\000a\000s}{section.11.2}% 318
\BOOKMARK [2][-]{subsection.11.2.2}{\376\377\000V\000a\000l\000i\000d\000a\000c\000i\000\363\000n\000\040\000d\000e\000\040\000g\000r\000a\000m\000\341\000t\000i\000c\000a\000s}{section.11.2}% 319
\BOOKMARK [1][-]{section.11.3}{\376\377\000P\000r\000u\000e\000b\000a\000s\000\040\000d\000e\000l\000\040\000m\000\363\000d\000u\000l\000o\000\040\000S\000i\000m\000u\000l\000a\000d\000o\000r}{chapter.11}% 320
\BOOKMARK [0][-]{section.11.3}{\376\377\000B\000i\000b\000l\000i\000o\000g\000r\000a\000f\000\355\000a}{part.4}% 321
\BOOKMARK [0][-]{chapter*.78}{\376\377\000B\000i\000b\000l\000i\000o\000g\000r\000a\000f\000\355\000a}{part.4}% 322
